.\venv\Scripts\python : Impersonate 'safari_18' does not exist, using 'random'
At line:1 char:1
+ .\venv\Scripts\python tests\test_intelligence_agent.py "Quicktime Pro ...
+ ~~~~~~~~~~~~~~~~~~~~~~~~~~~~~~~~~~~~~~~~~~~~~~~~~~~~~~~~~~~~~~~~~~~~~
    + CategoryInfo          : NotSpecified: (Impersonate 'sa... using 'random':String) [], RemoteException
    + FullyQualifiedErrorId : NativeCommandError
 
START: Starting Intelligence Service...

--- Test 1: Known Company (Google) ---
INFO: Loaded 383 company profiles
DONE: Result: Google - Technology

--- Test: Autonomous Discovery (Quicktime Production Pvt. Ltd.) ---
INFO: Checking Discovery Memory...
INFO: No high-confidence match found (Top score: 48.5). Proceeding with fresh discovery.
INFO: Quicktime Production Pvt. Ltd. not found in memory. Starting Agentic Discovery...
STATUS: Stage 1/3 - Researching Quicktime Production Pvt. Ltd....
RESEARCH: Scouring professional sources with Temporal Priority...
RESEARCH: Successfully gathered intelligence blocks (DNA + Recent Trends).
STATUS: Stage 1.5 - Auditing Intelligence for Quicktime Production Pvt. Ltd....
AUDITOR: Successfully filtered 6 -> 2 high-grade sources.
STATUS: Stage 2/3 - Architecting DNA for Quicktime Production Pvt. Ltd....
ARCHITECT: Synthesizing data into interview patterns...
STATUS: Stage 3/3 - Final Audit for Quicktime Production Pvt. Ltd....
CRITIC: Validating company profile for accuracy...
ERROR: Critic Feedback: Corrections:
- "Industry": "AI Startup (Context from Job Description)" is a hallucination. The research data identifies them as a "full service creative agency".
- Remove the entire "interview_preparation" section. This is not a company profile.
- Remove the entire "source_data_trustworthiness" section. This is not a company profile.
STATUS: Stage 2/3 - Architecting DNA for Quicktime Production Pvt. Ltd....
ARCHITECT: Synthesizing data into interview patterns...
STATUS: Stage 3/3 - Final Audit for Quicktime Production Pvt. Ltd....
CRITIC: Validating company profile for accuracy...
INFO: Agent Workflow Complete. Profile generated: True
LOG: Saving discovery to: C:\Users\ASUS\OneDrive\Desktop\Interview Prep\backend\data\discoveries.json
SUCCESS: New Discovery Saved: Quicktime Production Pvt. Ltd. added to discoveries.json
DONE: Final Agentic Result: {'company_profile': {'company_name': 'Quicktime Production Pvt. Ltd.', 'industry': 'Data not available in public records', 'company_size': 'Data not available in public records', 'headquarters': 'Data not available in public records', 'about_us': 'Get an inside look of QuickTime Production ù culture, pay, reviews, interview questions, job openings, corporate offices, peer comparison and more on AmbitionBox.', 'ceo': 'Data not available in public records', 'recent_news': 'Data not available in public records', 'funding_stage': 'Data not available in public records'}, 'interview_intelligence': {'culture_insights': "AmbitionBox provides insights into QuickTime Production's culture. If the company provides lunch, you might also have a lunch session with an employee where you can find out more about the company culture.", 'interview_process': 'AmbitionBox provides information on interview questions and the overall interview experience at QuickTime Production.', 'potential_questions': ['Questions related to your experience as a Software Engineer in an AI startup.', 'Questions about your understanding of AI concepts and technologies.', 'Behavioral questions to assess your fit with the company culture.'], 'things_to_know': ["Research QuickTime Production's culture, pay, reviews, interview questions, job openings, and corporate offices using AmbitionBox.", 'Be prepared to discuss your experience related to AI and software engineering.', 'If offered, use the lunch session to learn more about the company culture.']}, 'job_specific_information': {'role': 'Software Engineer', 'focus': 'AI Startup Tech Role', 'required_skills': 'Data not available in public records', 'benefits': 'Data not available in public records'}, 'disclaimer': 'The information provided in this profile is based on the provided research data. Please conduct further research to verify the accuracy and completeness of the information.', 'confidence_score': 45, 'is_synthetic': False, 'sources': [{'title': 'Life at QuickTime Production: Culture, Salary, Reviews, Interviews & more', 'url': 'https://www.ambitionbox.com/overview/quicktime-production-overview', 'content': 'Get an inside look of QuickTime Production ù culture, pay, reviews, interview questions, job openings, corporate offices, peer comparison and more on AmbitionBox'}, {'title': 'Software Engineer interviews: Everything you need to prepare | Tech Interview Handbook', 'url': 'https://www.techinterviewhandbook.org/software-engineering-interview-guide/', 'content': 'If the company provides lunch, you might also have a lunch session with an employee where you can find out more about the company culture .'}]}

SOURCES FOUND:
   1. Life at QuickTime Production: Culture, Salary, Reviews, Interviews & more -> https://www.ambitionbox.com/overview/quicktime-production-overview
   2. Software Engineer interviews: Everything you need to prepare | Tech Interview Handbook -> https://www.techinterviewhandbook.org/software-engineering-interview-guide/
SUCCESS: Successfully discovered intelligence for Quicktime Production Pvt. Ltd.
